// Jest Snapshot v1, https://goo.gl/fbAQLP

exports[`Header component should renders correctly 1`] = `
<div>
  <header
    class="header"
  >
    <h1>
      todos
    </h1>
    <input
      class="new-todo"
      placeholder="What needs to be done?"
    />
  </header>
</div>
`;
