// Jest Snapshot v1, https://goo.gl/fbAQLP

exports[`Footer component should renders correctly 1`] = `
<div>
  <footer
    class="footer"
  >
    <span
      class="todo-count"
    >
      2
       item
      s
       left
    </span>
    <ul
      class="filters"
    >
      <li>
        <a
          aria-current="page"
          class="selected"
          href="/"
        >
          All
        </a>
      </li>
      <li>
        <a
          class=""
          href="/active"
        >
          Active
        </a>
      </li>
      <li>
        <a
          class=""
          href="/completed"
        >
          Completed
        </a>
      </li>
    </ul>
    <button
      class="clear-completed"
      style="display: block;"
    >
      Clear completed
    </button>
  </footer>
</div>
`;
